// Jest Snapshot v1, https://goo.gl/fbAQLP

exports[`MovieNavOverview Render MovieNavOverview 1`] = `
Array [
  <div
    className="movie-rating"
  >
    <div
      className="movie-rating__score"
    >
      10
    </div>
    <p
      className="movie-rating__meta"
    >
      <span
        className="movie-rating__level"
      >
        Awesome
      </span>
      <span
        className="movie-rating__count"
      >
        773
         ratings
      </span>
    </p>
  </div>,
  <div
    className="movie-card__text"
  >
    <p>
      Kevin's mother struggles to love her strange child, despite the increasingly dangerous things he says and does as he grows up. But Kevin is just getting started, and his final act will be beyond anything anyone imagined.
    </p>
    <p
      className="movie-card__director"
    >
      <strong>
        Director: 
        Lynne Ramsay
      </strong>
    </p>
    <p
      className="movie-card__starring"
    >
      <strong>
        Starring: 
        Tilda Swinton, John C. Reilly, Ezra Miller
         and other
      </strong>
    </p>
  </div>,
]
`;
